// Jest Snapshot v1, https://goo.gl/fbAQLP

exports[`Testing FilterPopup Component has onRef 1`] = `
<PopupMenu
  position={
    Object {
      "x": 0,
      "y": 0,
    }
  }
  toggle={[Function]}
>
  <Styled(Button)
    disabled={false}
    iconLeft={true}
    info={true}
    transparent={true}
  >
    <Styled(Icon)
      name="link"
      style={
        Object {
          "textAlign": "center",
          "width": 25,
        }
      }
      type="MaterialIcons"
    />
    <Styled(Text)>
      From Moodle
    </Styled(Text)>
  </Styled(Button)>
  <Styled(Button)
    disabled={false}
    iconLeft={true}
    success={true}
    transparent={true}
  >
    <Styled(Icon)
      name="clock-fast"
      style={
        Object {
          "textAlign": "center",
          "width": 25,
        }
      }
      type="MaterialCommunityIcons"
    />
    <Styled(Text)>
      Latest Post
    </Styled(Text)>
  </Styled(Button)>
  <Styled(Button)
    disabled={false}
    iconLeft={true}
    success={true}
    transparent={true}
  >
    <Styled(Icon)
      name="undo"
      style={
        Object {
          "textAlign": "center",
          "width": 25,
        }
      }
    />
    <Styled(Text)>
      Most Replied
    </Styled(Text)>
  </Styled(Button)>
  <Styled(Button)
    disabled={false}
    iconLeft={true}
    success={true}
    transparent={true}
  >
    <Styled(Icon)
      name="people"
      style={
        Object {
          "textAlign": "center",
          "width": 25,
        }
      }
      type="MaterialIcons"
    />
    <Styled(Text)>
      Popularity
    </Styled(Text)>
  </Styled(Button)>
</PopupMenu>
`;

exports[`Testing FilterPopup Component renders as expected with PopupMenu required props 1`] = `
<PopupMenu
  position={
    Object {
      "x": 0,
      "y": 0,
    }
  }
  toggle={[Function]}
>
  <Styled(Button)
    disabled={false}
    iconLeft={true}
    info={true}
    transparent={true}
  >
    <Styled(Icon)
      name="link"
      style={
        Object {
          "textAlign": "center",
          "width": 25,
        }
      }
      type="MaterialIcons"
    />
    <Styled(Text)>
      From Moodle
    </Styled(Text)>
  </Styled(Button)>
  <Styled(Button)
    disabled={false}
    iconLeft={true}
    success={true}
    transparent={true}
  >
    <Styled(Icon)
      name="clock-fast"
      style={
        Object {
          "textAlign": "center",
          "width": 25,
        }
      }
      type="MaterialCommunityIcons"
    />
    <Styled(Text)>
      Latest Post
    </Styled(Text)>
  </Styled(Button)>
  <Styled(Button)
    disabled={false}
    iconLeft={true}
    success={true}
    transparent={true}
  >
    <Styled(Icon)
      name="undo"
      style={
        Object {
          "textAlign": "center",
          "width": 25,
        }
      }
    />
    <Styled(Text)>
      Most Replied
    </Styled(Text)>
  </Styled(Button)>
  <Styled(Button)
    disabled={false}
    iconLeft={true}
    success={true}
    transparent={true}
  >
    <Styled(Icon)
      name="people"
      style={
        Object {
          "textAlign": "center",
          "width": 25,
        }
      }
      type="MaterialIcons"
    />
    <Styled(Text)>
      Popularity
    </Styled(Text)>
  </Styled(Button)>
</PopupMenu>
`;
