// Jest Snapshot v1, https://goo.gl/fbAQLP

exports[`Testing PostScrollable Component renders as expected with posts 1`] = `
<Styled(List)>
  <Styled(ListItem)
    itemDivider={true}
  >
    <Styled(Body)
      style={
        Object {
          "alignItems": "center",
          "justifyContent": "center",
        }
      }
    >
      <Styled(Text)>
        No Posts Yet
      </Styled(Text)>
      <Styled(Text)
        note={true}
      >
        Feel free to raise the First Post  
        <Styled(Icon)
          name="md-paper"
          style={
            Array [
              Object {
                "fontSize": 20,
                "paddingBottom": 5,
              },
              Object {
                "color": "#808080",
              },
            ]
          }
        />
      </Styled(Text)>
    </Styled(Body)>
  </Styled(ListItem)>
</Styled(List)>
`;
