// Jest Snapshot v1, https://goo.gl/fbAQLP

exports[`Testing Compose Screen renders as expected 1`] = `
<Styled(Container)>
  <ViewMenu
    onRef={[Function]}
    parentHeight={0}
    payload={
      Object {
        "content": "",
        "hashtags": null,
        "reply": undefined,
        "subtitle": null,
        "title": "",
      }
    }
    position={
      Object {
        "x": 750,
        "y": 0,
      }
    }
  />
  <Header
    animated={false}
    backable={true}
    onLayout={[Function]}
    onRightPress={[Function]}
    rightIcon="eye"
    rightStyle={
      Object {
        "color": "#4E4A47",
      }
    }
    subtitle={
      Object {
        "context": "location",
      }
    }
    title={
      Object {
        "context": "New Topic",
      }
    }
  />
  <ComposeForm
    onTextUpdates={
      Object {
        "content": [Function],
        "hashtags": [Function],
        "subtitle": [Function],
        "title": [Function],
      }
    }
    onToggleMode={[Function]}
    replyParams={null}
    screenHeight={1334}
  />
</Styled(Container)>
`;
