// Jest Snapshot v1, https://goo.gl/fbAQLP

exports[`Testing Post Screen renders as expected 1`] = `
ShallowWrapper {
  Symbol(enzyme.__root__): [Circular],
  Symbol(enzyme.__unrendered__): <Post />,
  Symbol(enzyme.__renderer__): Object {
    "batchedUpdates": [Function],
    "getNode": [Function],
    "render": [Function],
    "simulateError": [Function],
    "simulateEvent": [Function],
    "unmount": [Function],
  },
  Symbol(enzyme.__node__): Object {
    "instance": null,
    "key": undefined,
    "nodeType": "class",
    "props": Object {
      "children": Array [
        <PostHeaderMenu
          onRef={[Function]}
          parentHeight={0}
          position={
            Object {
              "x": 750,
              "y": 0,
            }
          }
        />,
        <Header
          animated={false}
          backable={true}
          onLayout={[Function]}
          onRightPress={[Function]}
          rightIcon="more"
          rightStyle={
            Object {
              "color": "#4E4A47",
            }
          }
          subtitle={null}
          title={
            Object {
              "color": "#2F78B0",
              "context": "",
              "numberOfLines": 4,
            }
          }
        />,
        <PostSwipable
          onChangeTab={[Function]}
          onRef={[Function]}
          posts={
            Array [
              Object {
                "author": "Griffin",
                "content": "Cupidatat irure fugiat deserunt sit nostrud id enim id officia amet dolore ut magna. Qui reprehenderit Lorem aliqua velit. In veniam labore officia ea occaecat consequat anim non est magna consequat. Excepteur incididunt officia consequat ullamco enim anim. Commodo aute et in velit aliquip consequat proident id do. Voluptate et consequat excepteur Lorem anim voluptate quis sint cillum.
",
                "id": "5c4356e3068eac4bcdb9706e",
                "timestamp": "Thu Aug 24 2000 12:58:39 GMT+0800 (Hong Kong Standard Time)",
              },
              Object {
                "author": "Walker",
                "content": "Lorem deserunt occaecat laborum exercitation quis. Ut ad dolore quis excepteur qui aliquip ex eiusmod mollit commodo quis sint sint aliquip. Esse velit fugiat magna minim. Fugiat excepteur occaecat ullamco nostrud tempor duis.
",
                "id": "5c4356e3c5ba30b43eeebe73",
                "timestamp": "Sun Jul 23 1978 06:40:52 GMT+0800 (Hong Kong Standard Time)",
              },
              Object {
                "author": "Marla",
                "content": "Culpa dolore commodo pariatur officia laborum ullamco magna enim cillum adipisicing commodo veniam ut. Qui laboris sunt cillum id nostrud incididunt ad anim. Est fugiat adipisicing dolore est ullamco exercitation proident laboris sunt.
",
                "id": "5c4356e3604a3adc170fb597",
                "timestamp": "Tue Jan 18 2000 06:52:09 GMT+0800 (Hong Kong Standard Time)",
              },
              Object {
                "author": "Adams",
                "content": "Deserunt deserunt incididunt ea nisi sit Lorem amet sit ipsum anim veniam. Aliquip ad consequat sit consectetur veniam adipisicing amet sint consequat laborum enim. In aute laborum consequat id laborum id.
",
                "id": "5c4356e3c3fc03a89f3426ed",
                "timestamp": "Sun Jul 22 2001 08:14:31 GMT+0800 (Hong Kong Standard Time)",
              },
              Object {
                "author": "Ferrell",
                "content": "Dolor pariatur excepteur fugiat ullamco ipsum aute minim cupidatat qui magna ad. Voluptate do tempor id commodo anim mollit cillum ipsum culpa commodo sit est consectetur eiusmod. Aliquip cupidatat sint cillum et non ea labore consequat est ad voluptate occaecat eiusmod ipsum.
",
                "id": "5c4356e30718150c611cec1b",
                "timestamp": "Fri Apr 04 2008 02:05:31 GMT+0800 (Hong Kong Standard Time)",
              },
            ]
          }
        />,
        <PostFooter
          firstPage={true}
          lastPage={false}
          onPageChangeThunk={[Function]}
        />,
      ],
      "virtual": undefined,
    },
    "ref": null,
    "rendered": Array [
      Object {
        "instance": null,
        "key": undefined,
        "nodeType": "class",
        "props": Object {
          "native": undefined,
          "onRef": [Function],
          "parentHeight": 0,
          "position": Object {
            "x": 750,
            "y": 0,
          },
        },
        "ref": null,
        "rendered": null,
        "type": [Function],
      },
      Object {
        "instance": null,
        "key": undefined,
        "nodeType": "class",
        "props": Object {
          "animated": false,
          "backable": true,
          "onLayout": [Function],
          "onRightPress": [Function],
          "rightIcon": "more",
          "rightStyle": Object {
            "color": "#4E4A47",
          },
          "subtitle": null,
          "title": Object {
            "color": "#2F78B0",
            "context": "",
            "numberOfLines": 4,
          },
        },
        "ref": null,
        "rendered": null,
        "type": [Function],
      },
      Object {
        "instance": null,
        "key": undefined,
        "nodeType": "class",
        "props": Object {
          "onChangeTab": [Function],
          "onRef": [Function],
          "posts": Array [
            Object {
              "author": "Griffin",
              "content": "Cupidatat irure fugiat deserunt sit nostrud id enim id officia amet dolore ut magna. Qui reprehenderit Lorem aliqua velit. In veniam labore officia ea occaecat consequat anim non est magna consequat. Excepteur incididunt officia consequat ullamco enim anim. Commodo aute et in velit aliquip consequat proident id do. Voluptate et consequat excepteur Lorem anim voluptate quis sint cillum.
",
              "id": "5c4356e3068eac4bcdb9706e",
              "timestamp": "Thu Aug 24 2000 12:58:39 GMT+0800 (Hong Kong Standard Time)",
            },
            Object {
              "author": "Walker",
              "content": "Lorem deserunt occaecat laborum exercitation quis. Ut ad dolore quis excepteur qui aliquip ex eiusmod mollit commodo quis sint sint aliquip. Esse velit fugiat magna minim. Fugiat excepteur occaecat ullamco nostrud tempor duis.
",
              "id": "5c4356e3c5ba30b43eeebe73",
              "timestamp": "Sun Jul 23 1978 06:40:52 GMT+0800 (Hong Kong Standard Time)",
            },
            Object {
              "author": "Marla",
              "content": "Culpa dolore commodo pariatur officia laborum ullamco magna enim cillum adipisicing commodo veniam ut. Qui laboris sunt cillum id nostrud incididunt ad anim. Est fugiat adipisicing dolore est ullamco exercitation proident laboris sunt.
",
              "id": "5c4356e3604a3adc170fb597",
              "timestamp": "Tue Jan 18 2000 06:52:09 GMT+0800 (Hong Kong Standard Time)",
            },
            Object {
              "author": "Adams",
              "content": "Deserunt deserunt incididunt ea nisi sit Lorem amet sit ipsum anim veniam. Aliquip ad consequat sit consectetur veniam adipisicing amet sint consequat laborum enim. In aute laborum consequat id laborum id.
",
              "id": "5c4356e3c3fc03a89f3426ed",
              "timestamp": "Sun Jul 22 2001 08:14:31 GMT+0800 (Hong Kong Standard Time)",
            },
            Object {
              "author": "Ferrell",
              "content": "Dolor pariatur excepteur fugiat ullamco ipsum aute minim cupidatat qui magna ad. Voluptate do tempor id commodo anim mollit cillum ipsum culpa commodo sit est consectetur eiusmod. Aliquip cupidatat sint cillum et non ea labore consequat est ad voluptate occaecat eiusmod ipsum.
",
              "id": "5c4356e30718150c611cec1b",
              "timestamp": "Fri Apr 04 2008 02:05:31 GMT+0800 (Hong Kong Standard Time)",
            },
          ],
        },
        "ref": null,
        "rendered": null,
        "type": [Function],
      },
      Object {
        "instance": null,
        "key": undefined,
        "nodeType": "class",
        "props": Object {
          "firstPage": true,
          "lastPage": false,
          "onPageChangeThunk": [Function],
        },
        "ref": null,
        "rendered": null,
        "type": [Function],
      },
    ],
    "type": [Function],
  },
  Symbol(enzyme.__nodes__): Array [
    Object {
      "instance": null,
      "key": undefined,
      "nodeType": "class",
      "props": Object {
        "children": Array [
          <PostHeaderMenu
            onRef={[Function]}
            parentHeight={0}
            position={
              Object {
                "x": 750,
                "y": 0,
              }
            }
          />,
          <Header
            animated={false}
            backable={true}
            onLayout={[Function]}
            onRightPress={[Function]}
            rightIcon="more"
            rightStyle={
              Object {
                "color": "#4E4A47",
              }
            }
            subtitle={null}
            title={
              Object {
                "color": "#2F78B0",
                "context": "",
                "numberOfLines": 4,
              }
            }
          />,
          <PostSwipable
            onChangeTab={[Function]}
            onRef={[Function]}
            posts={
              Array [
                Object {
                  "author": "Griffin",
                  "content": "Cupidatat irure fugiat deserunt sit nostrud id enim id officia amet dolore ut magna. Qui reprehenderit Lorem aliqua velit. In veniam labore officia ea occaecat consequat anim non est magna consequat. Excepteur incididunt officia consequat ullamco enim anim. Commodo aute et in velit aliquip consequat proident id do. Voluptate et consequat excepteur Lorem anim voluptate quis sint cillum.
",
                  "id": "5c4356e3068eac4bcdb9706e",
                  "timestamp": "Thu Aug 24 2000 12:58:39 GMT+0800 (Hong Kong Standard Time)",
                },
                Object {
                  "author": "Walker",
                  "content": "Lorem deserunt occaecat laborum exercitation quis. Ut ad dolore quis excepteur qui aliquip ex eiusmod mollit commodo quis sint sint aliquip. Esse velit fugiat magna minim. Fugiat excepteur occaecat ullamco nostrud tempor duis.
",
                  "id": "5c4356e3c5ba30b43eeebe73",
                  "timestamp": "Sun Jul 23 1978 06:40:52 GMT+0800 (Hong Kong Standard Time)",
                },
                Object {
                  "author": "Marla",
                  "content": "Culpa dolore commodo pariatur officia laborum ullamco magna enim cillum adipisicing commodo veniam ut. Qui laboris sunt cillum id nostrud incididunt ad anim. Est fugiat adipisicing dolore est ullamco exercitation proident laboris sunt.
",
                  "id": "5c4356e3604a3adc170fb597",
                  "timestamp": "Tue Jan 18 2000 06:52:09 GMT+0800 (Hong Kong Standard Time)",
                },
                Object {
                  "author": "Adams",
                  "content": "Deserunt deserunt incididunt ea nisi sit Lorem amet sit ipsum anim veniam. Aliquip ad consequat sit consectetur veniam adipisicing amet sint consequat laborum enim. In aute laborum consequat id laborum id.
",
                  "id": "5c4356e3c3fc03a89f3426ed",
                  "timestamp": "Sun Jul 22 2001 08:14:31 GMT+0800 (Hong Kong Standard Time)",
                },
                Object {
                  "author": "Ferrell",
                  "content": "Dolor pariatur excepteur fugiat ullamco ipsum aute minim cupidatat qui magna ad. Voluptate do tempor id commodo anim mollit cillum ipsum culpa commodo sit est consectetur eiusmod. Aliquip cupidatat sint cillum et non ea labore consequat est ad voluptate occaecat eiusmod ipsum.
",
                  "id": "5c4356e30718150c611cec1b",
                  "timestamp": "Fri Apr 04 2008 02:05:31 GMT+0800 (Hong Kong Standard Time)",
                },
              ]
            }
          />,
          <PostFooter
            firstPage={true}
            lastPage={false}
            onPageChangeThunk={[Function]}
          />,
        ],
        "virtual": undefined,
      },
      "ref": null,
      "rendered": Array [
        Object {
          "instance": null,
          "key": undefined,
          "nodeType": "class",
          "props": Object {
            "native": undefined,
            "onRef": [Function],
            "parentHeight": 0,
            "position": Object {
              "x": 750,
              "y": 0,
            },
          },
          "ref": null,
          "rendered": null,
          "type": [Function],
        },
        Object {
          "instance": null,
          "key": undefined,
          "nodeType": "class",
          "props": Object {
            "animated": false,
            "backable": true,
            "onLayout": [Function],
            "onRightPress": [Function],
            "rightIcon": "more",
            "rightStyle": Object {
              "color": "#4E4A47",
            },
            "subtitle": null,
            "title": Object {
              "color": "#2F78B0",
              "context": "",
              "numberOfLines": 4,
            },
          },
          "ref": null,
          "rendered": null,
          "type": [Function],
        },
        Object {
          "instance": null,
          "key": undefined,
          "nodeType": "class",
          "props": Object {
            "onChangeTab": [Function],
            "onRef": [Function],
            "posts": Array [
              Object {
                "author": "Griffin",
                "content": "Cupidatat irure fugiat deserunt sit nostrud id enim id officia amet dolore ut magna. Qui reprehenderit Lorem aliqua velit. In veniam labore officia ea occaecat consequat anim non est magna consequat. Excepteur incididunt officia consequat ullamco enim anim. Commodo aute et in velit aliquip consequat proident id do. Voluptate et consequat excepteur Lorem anim voluptate quis sint cillum.
",
                "id": "5c4356e3068eac4bcdb9706e",
                "timestamp": "Thu Aug 24 2000 12:58:39 GMT+0800 (Hong Kong Standard Time)",
              },
              Object {
                "author": "Walker",
                "content": "Lorem deserunt occaecat laborum exercitation quis. Ut ad dolore quis excepteur qui aliquip ex eiusmod mollit commodo quis sint sint aliquip. Esse velit fugiat magna minim. Fugiat excepteur occaecat ullamco nostrud tempor duis.
",
                "id": "5c4356e3c5ba30b43eeebe73",
                "timestamp": "Sun Jul 23 1978 06:40:52 GMT+0800 (Hong Kong Standard Time)",
              },
              Object {
                "author": "Marla",
                "content": "Culpa dolore commodo pariatur officia laborum ullamco magna enim cillum adipisicing commodo veniam ut. Qui laboris sunt cillum id nostrud incididunt ad anim. Est fugiat adipisicing dolore est ullamco exercitation proident laboris sunt.
",
                "id": "5c4356e3604a3adc170fb597",
                "timestamp": "Tue Jan 18 2000 06:52:09 GMT+0800 (Hong Kong Standard Time)",
              },
              Object {
                "author": "Adams",
                "content": "Deserunt deserunt incididunt ea nisi sit Lorem amet sit ipsum anim veniam. Aliquip ad consequat sit consectetur veniam adipisicing amet sint consequat laborum enim. In aute laborum consequat id laborum id.
",
                "id": "5c4356e3c3fc03a89f3426ed",
                "timestamp": "Sun Jul 22 2001 08:14:31 GMT+0800 (Hong Kong Standard Time)",
              },
              Object {
                "author": "Ferrell",
                "content": "Dolor pariatur excepteur fugiat ullamco ipsum aute minim cupidatat qui magna ad. Voluptate do tempor id commodo anim mollit cillum ipsum culpa commodo sit est consectetur eiusmod. Aliquip cupidatat sint cillum et non ea labore consequat est ad voluptate occaecat eiusmod ipsum.
",
                "id": "5c4356e30718150c611cec1b",
                "timestamp": "Fri Apr 04 2008 02:05:31 GMT+0800 (Hong Kong Standard Time)",
              },
            ],
          },
          "ref": null,
          "rendered": null,
          "type": [Function],
        },
        Object {
          "instance": null,
          "key": undefined,
          "nodeType": "class",
          "props": Object {
            "firstPage": true,
            "lastPage": false,
            "onPageChangeThunk": [Function],
          },
          "ref": null,
          "rendered": null,
          "type": [Function],
        },
      ],
      "type": [Function],
    },
  ],
  Symbol(enzyme.__options__): Object {
    "adapter": ReactSixteenAdapter {
      "options": Object {
        "enableComponentDidUpdateOnSetState": true,
        "lifecycles": Object {
          "componentDidUpdate": Object {
            "onSetState": true,
          },
          "getDerivedStateFromProps": true,
          "getSnapshotBeforeUpdate": true,
          "setState": Object {
            "skipsComponentDidUpdateOnNullish": true,
          },
        },
      },
    },
  },
}
`;
