// Jest Snapshot v1, https://goo.gl/fbAQLP

exports[`Testing PreviewHeader Component renders as expected with required props 1`] = `
<Styled(Header)
  searchBar={true}
  style={
    Object {
      "backgroundColor": "#F8F8F8",
    }
  }
>
  <Styled(Item)
    rounded={true}
  >
    <Styled(Button)
      onPress={[Function]}
      rounded={true}
      style={
        Object {
          "alignSelf": "center",
          "backgroundColor": "#4E4A47",
          "height": null,
          "marginLeft": 2.5,
        }
      }
    >
      <Styled(Text)
        style={
          Object {
            "fontSize": 10,
            "paddingLeft": 10,
            "paddingRight": 10,
          }
        }
      >
        HKU Fellows
      </Styled(Text)>
    </Styled(Button)>
    <Styled(Input)
      autoCorrect={false}
      disabled={true}
      enablesReturnKeyAutomatically={true}
      onChangeText={[Function]}
      onFocus={[Function]}
      placeholder="Swipe left to choose course"
      returnKeyType="search"
      style={
        Object {
          "fontSize": 15,
          "top": 0,
        }
      }
    />
    <Styled(Right)
      style={
        Object {
          "flex": 0,
        }
      }
    >
      <Styled(Button)
        dark={true}
        disabled={true}
        onPress={[Function]}
        small={true}
        transparent={true}
      >
        <Styled(Icon)
          name="ios-arrow-dropright"
          style={
            Object {
              "marginLeft": 0,
              "marginRight": 15,
            }
          }
        />
      </Styled(Button)>
    </Styled(Right)>
  </Styled(Item)>
</Styled(Header)>
`;

exports[`Testing PreviewHeader Component will cancel 1`] = `
<Styled(Header)
  searchBar={true}
  style={
    Object {
      "backgroundColor": "#F8F8F8",
    }
  }
>
  <Styled(Item)
    rounded={true}
  >
    <Styled(Button)
      onPress={[Function]}
      rounded={true}
      style={
        Object {
          "alignSelf": "center",
          "backgroundColor": "#4E4A47",
          "height": null,
          "marginLeft": 2.5,
        }
      }
    >
      <Styled(Text)
        style={
          Object {
            "fontSize": 10,
            "paddingLeft": 10,
            "paddingRight": 10,
          }
        }
      >
        HKU Fellows
      </Styled(Text)>
    </Styled(Button)>
    <Styled(Input)
      autoCorrect={false}
      disabled={true}
      enablesReturnKeyAutomatically={true}
      onChangeText={[Function]}
      onFocus={[Function]}
      placeholder="Swipe left to choose course"
      returnKeyType="search"
      style={
        Object {
          "fontSize": 15,
          "top": 0,
        }
      }
    />
    <Styled(Right)
      style={
        Object {
          "flex": 0,
        }
      }
    >
      <Styled(Button)
        dark={true}
        disabled={true}
        onPress={[Function]}
        small={true}
        transparent={true}
      >
        <Styled(Icon)
          name="ios-arrow-dropright"
          style={
            Object {
              "marginLeft": 0,
              "marginRight": 15,
            }
          }
        />
      </Styled(Button)>
    </Styled(Right)>
  </Styled(Item)>
</Styled(Header)>
`;

exports[`Testing PreviewHeader Component will search 1`] = `
<Styled(Header)
  searchBar={true}
  style={
    Object {
      "backgroundColor": "#F8F8F8",
    }
  }
>
  <Styled(Item)
    rounded={true}
  >
    <Styled(Button)
      onPress={[Function]}
      rounded={true}
      style={
        Object {
          "alignSelf": "center",
          "backgroundColor": "#4E4A47",
          "height": null,
          "marginLeft": 2.5,
        }
      }
    >
      <Styled(Text)
        style={
          Object {
            "fontSize": 10,
            "paddingLeft": 10,
            "paddingRight": 10,
          }
        }
      >
        HKU Fellows
      </Styled(Text)>
    </Styled(Button)>
    <Styled(Input)
      autoCorrect={false}
      disabled={true}
      enablesReturnKeyAutomatically={true}
      onChangeText={[Function]}
      onFocus={[Function]}
      placeholder="Swipe left to choose course"
      returnKeyType="search"
      style={
        Object {
          "fontSize": 15,
          "top": 0,
        }
      }
    />
    <Styled(Right)
      style={
        Object {
          "flex": 0,
        }
      }
    >
      <Styled(Button)
        dark={true}
        disabled={true}
        onPress={[Function]}
        small={true}
        transparent={true}
      >
        <Styled(Icon)
          name="ios-arrow-dropright"
          style={
            Object {
              "marginLeft": 0,
              "marginRight": 15,
            }
          }
        />
      </Styled(Button)>
    </Styled(Right)>
  </Styled(Item)>
</Styled(Header)>
`;
