// Jest Snapshot v1, https://goo.gl/fbAQLP

exports[`Testing CourseScrollable Component renders as expected with course list 1`] = `
<Accordion
  dataArray={Array []}
  keyExtractor={[Function]}
  renderContent={[Function]}
  renderHeader={[Function]}
  style={
    Object {
      "borderWidth": 0,
    }
  }
/>
`;

exports[`Testing CourseScrollable Component renders as expected with course list and default expanded settings 1`] = `
<Accordion
  dataArray={Array []}
  keyExtractor={[Function]}
  renderContent={[Function]}
  renderHeader={[Function]}
  style={
    Object {
      "borderWidth": 0,
    }
  }
/>
`;

exports[`Testing CourseScrollable Component renders as expected with course list and events 1`] = `
<Accordion
  dataArray={Array []}
  keyExtractor={[Function]}
  renderContent={[Function]}
  renderHeader={[Function]}
  style={
    Object {
      "borderWidth": 0,
    }
  }
/>
`;
