// Jest Snapshot v1, https://goo.gl/fbAQLP

exports[`Testing ViewMenu Screen renders as expected 1`] = `
<PopupMenu
  parentHeight={0}
  payload={
    Object {
      "content": "content",
      "title": "title",
    }
  }
  position={
    Object {
      "x": 0,
      "y": 0,
    }
  }
  toggle={[Function]}
>
  <PopupMenuItem
    iconLeft={true}
    onPress={[Function]}
    success={true}
    transparent={true}
  >
    <Styled(Icon)
      name="face"
      style={
        Object {
          "textAlign": "center",
          "width": 25,
        }
      }
      type="MaterialIcons"
    />
    <Styled(Text)>
      Post with UID
    </Styled(Text)>
  </PopupMenuItem>
  <PopupMenuItem
    iconLeft={true}
    info={true}
    onPress={[Function]}
    transparent={true}
  >
    <Styled(Icon)
      name="incognito"
      style={
        Object {
          "textAlign": "center",
          "width": 25,
        }
      }
      type="MaterialCommunityIcons"
    />
    <Styled(Text)>
      Post Anonymously
    </Styled(Text)>
  </PopupMenuItem>
</PopupMenu>
`;
